// Jest Snapshot v1, https://goo.gl/fbAQLP

exports[`add movie component shows movies form 1`] = `"<form><h1>Add new Movie</h1><div><label><strong>Title:</strong> <input value=\\"\\"></label></div><div><label><strong>Year:</strong> <input value=\\"\\"></label></div><div><label><strong>Country:</strong> <input value=\\"\\"></label></div><div><label><strong>Plot:</strong> <input value=\\"\\"></label></div></form>"`;
